42
3.14
a
true
43
41
84
21
-42
false
true
false
true
false
